3
102
2502

ERROR
ERROR

600000000
ERROR
600000001